// Jest Snapshot v1, https://goo.gl/fbAQLP

exports[`app/components/Preview/quick/index.spec.tsx QuickPreview renders Markdown 1`] = `
<h1>
  This is Markdown quick preview
</h1>
`;

exports[`app/components/Preview/quick/index.spec.tsx QuickPreview renders no preview if unsupported file type 1`] = `
<p
  className="MuiTypography-root MuiTypography-body1"
>
  There is no content for quick preview
</p>
`;

exports[`app/components/Preview/quick/index.spec.tsx QuickPreview renders no value 1`] = `
<p
  className="MuiTypography-root MuiTypography-body1"
>
  There is no content for quick preview
</p>
`;
