// Jest Snapshot v1, https://goo.gl/fbAQLP

exports[`containers/Bucket/HandleNoSlashDir redirects 1`] = `"redirect"`;

exports[`containers/Bucket/HandleNoSlashDir renders file content 1`] = `
<h1>
  It works
</h1>
`;

exports[`containers/Bucket/HandleNoSlashDir renders placeholder 1`] = `
<h1>
  Loadingâ€¦
</h1>
`;
