// Jest Snapshot v1, https://goo.gl/fbAQLP

exports[`components/Dropzone/FilesStats should render 1`] = `null`;
