// Jest Snapshot v1, https://goo.gl/fbAQLP

exports[`components/FileEditor/HelpLinks MissingSourceBucket should render 1`] = `
<div>
  <p
    className="MuiTypography-root MuiTypography-body2 MuiTypography-gutterBottom"
  >
    Config property 
    <code>
      ui.sourceBuckets
    </code>
     is empty.
     
    <a
      href="https://docs.quiltdata.com/catalog/preferences"
    >
      Learn more
    </a>
    .
  </p>
  <p
    className="MuiTypography-root MuiTypography-body2"
  >
    <a
      href="/b/buck/tree/k/.quilt/catalog/config.yaml?edit=true&next=%2Fa%2Fb%2Fc%3Ffoo%3Dbar"
    >
      Edit manually
    </a>
     or
     
    <a>
      <span
        className="makeStyles-nowrap-2"
      >
        auto-add
      </span>
       current bucket (
      <span
        className="makeStyles-nowrap-2"
      >
        s3://
        buck
      </span>
      )
    </a>
  </p>
  <hr />
  <div>
    Disabled button
  </div>
</div>
`;

exports[`components/FileEditor/HelpLinks MissingSourceBucket should throw outside bucket 1`] = `
<div>
  <div
    className="MuiPaper-root MuiAlert-root MuiAlert-standardError MuiPaper-elevation0"
    role="alert"
  >
    <div
      className="MuiAlert-icon"
    >
      <svg
        aria-hidden={true}
        className="MuiSvgIcon-root MuiSvgIcon-fontSizeInherit"
        focusable="false"
        viewBox="0 0 24 24"
      >
        <path
          d="M11 15h2v2h-2zm0-8h2v6h-2zm.99-5C6.47 2 2 6.48 2 12s4.47 10 9.99 10C17.52 22 22 17.52 22 12S17.52 2 11.99 2zM12 20c-4.42 0-8-3.58-8-8s3.58-8 8-8 8 3.58 8 8-3.58 8-8 8z"
        />
      </svg>
    </div>
    <div
      className="MuiAlert-message"
    >
      \`bucket\` must be defined
    </div>
  </div>
  <hr />
  <div>
    Any
  </div>
</div>
`;

exports[`components/FileEditor/HelpLinks WorkflowsConfigLink should render 1`] = `
<a
  href="/b/buck/tree/k/.quilt/workflows/config.yml?edit=true&next=%2Fa%2Fb%2Fc%3Ffoo%3Dbar"
>
  Test
</a>
`;
