// Jest Snapshot v1, https://goo.gl/fbAQLP

exports[`app/containers/Bucket/requests/object objectVersions return object versions 1`] = `
[
  {
    "archived": false,
    "deleteMarker": true,
    "id": "deleted, but the most recent",
    "isLatest": false,
    "lastModified": 2024-11-29T17:06:39.999Z,
    "size": undefined,
  },
  {
    "archived": false,
    "deleteMarker": false,
    "id": "later date first",
    "isLatest": false,
    "lastModified": 2024-11-29T04:45:55.555Z,
    "size": 1,
  },
  {
    "archived": false,
    "deleteMarker": false,
    "id": "earlier date later",
    "isLatest": false,
    "lastModified": 2024-11-28T16:25:11.111Z,
    "size": 1,
  },
  {
    "archived": false,
    "deleteMarker": false,
    "id": "essential",
    "isLatest": false,
    "lastModified": undefined,
    "size": 1,
  },
  {
    "archived": false,
    "deleteMarker": false,
    "id": undefined,
    "isLatest": false,
    "lastModified": undefined,
    "size": 1,
  },
  {
    "archived": false,
    "deleteMarker": false,
    "id": "latest",
    "isLatest": true,
    "lastModified": undefined,
    "size": 1,
  },
  {
    "archived": true,
    "deleteMarker": false,
    "id": "archived glacier",
    "isLatest": false,
    "lastModified": undefined,
    "size": 1,
  },
  {
    "archived": true,
    "deleteMarker": false,
    "id": "deep archived",
    "isLatest": false,
    "lastModified": undefined,
    "size": 1,
  },
  {
    "archived": false,
    "deleteMarker": true,
    "id": "marked as deleted because no \`Size\`",
    "isLatest": false,
    "lastModified": undefined,
    "size": undefined,
  },
  {
    "archived": false,
    "deleteMarker": true,
    "id": "deleted",
    "isLatest": false,
    "lastModified": undefined,
    "size": undefined,
  },
]
`;
